Loading weights:   0%|          | 0/393 [00:00<?, ?it/s]Loading weights:  81%|████████  | 318/393 [00:00<00:00, 3175.11it/s]Loading weights: 100%|██████████| 393/393 [00:00<00:00, 3379.36it/s]
[reader] 7,289 bilara, 6,326 html, 24,291 nama, 22,762 pitaka, 5,560 blurb (0.58s)
[index] {lang: chunks} = id:52,707, en:355,066, pli:443,145
Loading weights:   0%|          | 0/199 [00:00<?, ?it/s]Loading weights: 100%|██████████| 199/199 [00:00<00:00, 3927.23it/s]
[Q1] cara mengatasi kemarahan                           kandidat=24 -> top5 CE max=0.434
[Q2] cara mengatasi ngantuk                             kandidat=24 -> top5 CE max=0.403
[Q3] apa penyebab penderitaan                           kandidat=36 -> top5 CE max=0.976
[Q4] mengapa harus membalas budi orangtua               kandidat=24 -> top5 CE max=0.601
[Q5] perumpamaan perumpamaan                            kandidat=10 -> top5 CE max=0.795
[Q6] apa itu kemurahan hati                             kandidat=24 -> top5 CE max=0.915
[Q7] penjelasan tentang perhatian murni                 kandidat=29 -> top5 CE max=0.193
[Q8] manfaat pelaksaan sila                             kandidat=37 -> top5 CE max=0.542
[Q9] jenis jenis kotoran batin                          kandidat=27 -> top5 CE max=0.549
[Q10] kriteria kesucian                                  kandidat=20 -> top5 CE max=0.246
[Q11] siapa yang layak disebut sebagai brahmana          kandidat=36 -> top5 CE max=0.941
[Q12] kewajiban seorang bhikkhu                          kandidat=18 -> top5 CE max=0.993
[Q13] berbagai jenis pemberian                           kandidat=35 -> top5 CE max=0.962
[Q14] apa makna kekosongan                               kandidat=25 -> top5 CE max=0.528
[Q15] apa kualitas yang harus dimiliki oleh seorang penc kandidat=26 -> top5 CE max=0.551
[Q16] harta yang paling bernilai                         kandidat=17 -> top5 CE max=0.616
[Q17] kewajiban seorang umat awam                        kandidat=33 -> top5 CE max=0.881
[Q18] penyebab gempa bumi                                kandidat=41 -> top5 CE max=0.983
[Q19] jenis jenis kemelekatan                            kandidat=20 -> top5 CE max=0.999
[Q20] penggambaran terhadap keagungan buddha             kandidat=16 -> top5 CE max=0.455
[Q21] jenis jenis manusia                                kandidat=19 -> top5 CE max=0.993
[Q22] cara mengikis kotoran batin                        kandidat=43 -> top5 CE max=0.124
[Q23] penjelasan tentang pandangan terang                kandidat=16 -> top5 CE max=0.897
[Q24] apa yang terjadi pada saat pencapaian pencerahan   kandidat=15 -> top5 CE max=0.232
[Q25] perasaan malu dan takut                            kandidat=18 -> top5 CE max=0.877
[Q26] bersatu di kehidupan selanjutnya                   kandidat=22 -> top5 CE max=0.479
[Q27] jenis jenis karma buruk                            kandidat=25 -> top5 CE max=0.912
[Q28] berbagai jenis perbuatan baik                      kandidat=18 -> top5 CE max=0.970
[Q29] jenis orang yang tak boleh ditahbiskan             kandidat=13 -> top5 CE max=0.493
[Q30] apa itu proliferasi mental                         kandidat=17 -> top5 CE max=0.689
[pool] 150 baris (30 kueri x top5) -> /home/paps21/palisemantic5026221144/mydhamma/src/output/7-retraining/pool/pool_exp4_multilingual-e5-base.csv
Loading weights:   0%|          | 0/393 [00:00<?, ?it/s]Loading weights:  96%|█████████▌| 378/393 [00:00<00:00, 3779.30it/s]Loading weights: 100%|██████████| 393/393 [00:00<00:00, 3851.56it/s]
[reader] 7,289 bilara, 6,326 html, 24,291 nama, 22,762 pitaka, 5,560 blurb (0.58s)
[index] {lang: chunks} = id:52,707, en:355,066, pli:443,145
Loading weights:   0%|          | 0/136 [00:00<?, ?it/s]Loading weights: 100%|██████████| 136/136 [00:00<00:00, 4260.43it/s]
  [config.load_st_model] buffer RoPE gte di-materialize ulang (Alibaba-NLP/gte-multilingual-base; kompat transformers v5)
[Q1] cara mengatasi kemarahan                           kandidat=19 -> top5 CE max=0.434
[Q2] cara mengatasi ngantuk                             kandidat=7 -> top5 CE max=0.209
[Q3] apa penyebab penderitaan                           kandidat=25 -> top5 CE max=0.976
[Q4] mengapa harus membalas budi orangtua               kandidat=14 -> top5 CE max=0.601
[Q5] perumpamaan perumpamaan                            kandidat=16 -> top5 CE max=0.914
[Q6] apa itu kemurahan hati                             kandidat=21 -> top5 CE max=0.915
[Q7] penjelasan tentang perhatian murni                 kandidat=20 -> top5 CE max=0.651
[Q8] manfaat pelaksaan sila                             kandidat=13 -> top5 CE max=0.079
[Q9] jenis jenis kotoran batin                          kandidat=14 -> top5 CE max=0.549
[Q10] kriteria kesucian                                  kandidat=28 -> top5 CE max=0.178
[Q11] siapa yang layak disebut sebagai brahmana          kandidat=38 -> top5 CE max=0.941
[Q12] kewajiban seorang bhikkhu                          kandidat=20 -> top5 CE max=0.993
[Q13] berbagai jenis pemberian                           kandidat=29 -> top5 CE max=0.962
[Q14] apa makna kekosongan                               kandidat=29 -> top5 CE max=0.579
[Q15] apa kualitas yang harus dimiliki oleh seorang penc kandidat=30 -> top5 CE max=0.551
[Q16] harta yang paling bernilai                         kandidat=18 -> top5 CE max=0.566
[Q17] kewajiban seorang umat awam                        kandidat=36 -> top5 CE max=0.881
[Q18] penyebab gempa bumi                                kandidat=43 -> top5 CE max=0.983
[Q19] jenis jenis kemelekatan                            kandidat=23 -> top5 CE max=0.999
[Q20] penggambaran terhadap keagungan buddha             kandidat=19 -> top5 CE max=0.062
[Q21] jenis jenis manusia                                kandidat=18 -> top5 CE max=0.993
[Q22] cara mengikis kotoran batin                        kandidat=12 -> top5 CE max=0.167
[Q23] penjelasan tentang pandangan terang                kandidat=16 -> top5 CE max=0.837
[Q24] apa yang terjadi pada saat pencapaian pencerahan   kandidat=10 -> top5 CE max=0.483
[Q25] perasaan malu dan takut                            kandidat=18 -> top5 CE max=0.946
[Q26] bersatu di kehidupan selanjutnya                   kandidat=20 -> top5 CE max=0.650
[Q27] jenis jenis karma buruk                            kandidat=31 -> top5 CE max=0.959
[Q28] berbagai jenis perbuatan baik                      kandidat=22 -> top5 CE max=0.973
[Q29] jenis orang yang tak boleh ditahbiskan             kandidat=40 -> top5 CE max=0.442
[Q30] apa itu proliferasi mental                         kandidat=20 -> top5 CE max=0.689
[pool] 150 baris (30 kueri x top5) -> /home/paps21/palisemantic5026221144/mydhamma/src/output/7-retraining/pool/pool_exp4_gte-multilingual-base.csv
